// Jest Snapshot v1, https://goo.gl/fbAQLP

exports[`withLogin renders correctly 1`] = `<div />`;
