// Jest Snapshot v1, https://goo.gl/fbAQLP

exports[`withPlayerControls renders correctly 1`] = `<div />`;
