// Jest Snapshot v1, https://goo.gl/fbAQLP

exports[`TrailerPlayer renders correctly 1`] = `
<video
  height="175"
  muted={true}
  onMouseEnter={[Function]}
  onMouseLeave={[Function]}
  poster="img/the-grand-budapest-hotel.jpg"
  src="https://some-link"
  width="280"
/>
`;
