// Jest Snapshot v1, https://goo.gl/fbAQLP

exports[`Loader renders correctly 1`] = `
<div
  className="loader page-content"
>
  <h1
    className="loader__text"
  >
    Loading...
  </h1>
  <div
    className="loader__spinner"
  />
</div>
`;
