// Jest Snapshot v1, https://goo.gl/fbAQLP

exports[`MoviePage renders correctly 1`] = `
<div
  className="user-page"
>
  <h1
    className="visually-hidden"
  >
    WTW
  </h1>
  <header
    className="page-header user-page__head"
  >
    <div
      className="logo"
    >
      <a
        className="logo__link"
        href="/"
        onClick={[Function]}
      >
        <span
          className="logo__letter logo__letter--1"
        >
          W
        </span>
        <span
          className="logo__letter logo__letter--2"
        >
          T
        </span>
        <span
          className="logo__letter logo__letter--3"
        >
          W
        </span>
      </a>
    </div>
    <h1
      className="page-title user-page__title"
    >
      My list
    </h1>
    <div
      className="user-block"
    >
      <a
        className="user-block__avatar"
        href="/favorites"
        onClick={[Function]}
        style={
          Object {
            "textDecoration": "none",
          }
        }
      >
        <img
          src="https://htmlacademy-react-3.appspot.com/img/john_doe.jpg"
          style={
            Object {
              "borderRadius": "50%",
              "height": "63px",
              "width": "63px",
            }
          }
        />
      </a>
    </div>
  </header>
  <section
    className="catalog"
  >
    <h2
      className="catalog__title visually-hidden"
    >
      Catalog
    </h2>
    <div
      className="catalog__movies-list"
    >
      <article
        className="small-movie-card catalog__movies-card"
        onMouseEnter={[Function]}
        onMouseLeave={[Function]}
      >
        <a
          href="/film/1"
          onClick={[Function]}
        >
          <div
            className="small-movie-card__image"
          >
            <video
              height="175"
              muted={true}
              onMouseEnter={[Function]}
              onMouseLeave={[Function]}
              poster="img/the-grand-budapest-hotel.jpg"
              src="https://some-link"
              width="280"
            />
          </div>
        </a>
        <h3
          className="small-movie-card__title"
        >
          <a
            className="small-movie-card__link"
            href="/film/1"
            onClick={[Function]}
            style={
              Object {
                "color": "#c9b37e",
              }
            }
          >
            The Grand Budapest Hotel
          </a>
        </h3>
      </article>
      <article
        className="small-movie-card catalog__movies-card"
        onMouseEnter={[Function]}
        onMouseLeave={[Function]}
      >
        <a
          href="/film/2"
          onClick={[Function]}
        >
          <div
            className="small-movie-card__image"
          >
            <video
              height="175"
              muted={true}
              onMouseEnter={[Function]}
              onMouseLeave={[Function]}
              poster="https://htmlacademy-react-3.appspot.com/wtw/static/film/preview/moonrise-kingdom.jpg"
              src="https://download.blender.org/durian/trailer/sintel_trailer-480p.mp4"
              width="280"
            />
          </div>
        </a>
        <h3
          className="small-movie-card__title"
        >
          <a
            className="small-movie-card__link"
            href="/film/2"
            onClick={[Function]}
            style={
              Object {
                "color": "#c9b37e",
              }
            }
          >
            Moonrise Kingdom
          </a>
        </h3>
      </article>
      <article
        className="small-movie-card catalog__movies-card"
        onMouseEnter={[Function]}
        onMouseLeave={[Function]}
      >
        <a
          href="/film/15"
          onClick={[Function]}
        >
          <div
            className="small-movie-card__image"
          >
            <video
              height="175"
              muted={true}
              onMouseEnter={[Function]}
              onMouseLeave={[Function]}
              poster="https://htmlacademy-react-3.appspot.com/wtw/static/film/preview/fantastic-beasts-the-crimes-of-grindelwald.jpg"
              src="https://upload.wikimedia.org/wikipedia/commons/transcoded/b/b3/Big_Buck_Bunny_Trailer_400p.ogv/Big_Buck_Bunny_Trailer_400p.ogv.360p.webm"
              width="280"
            />
          </div>
        </a>
        <h3
          className="small-movie-card__title"
        >
          <a
            className="small-movie-card__link"
            href="/film/15"
            onClick={[Function]}
            style={
              Object {
                "color": "#c9b37e",
              }
            }
          >
            Fantastic Beasts: The Crimes of Grindelwald
          </a>
        </h3>
      </article>
    </div>
  </section>
  <footer
    className="page-footer"
  >
    <div
      className="logo"
    >
      <a
        className="logo__link logo__link--light"
        href="/"
        onClick={[Function]}
      >
        <span
          className="logo__letter logo__letter--1"
        >
          W
        </span>
        <span
          className="logo__letter logo__letter--2"
        >
          T
        </span>
        <span
          className="logo__letter logo__letter--3"
        >
          W
        </span>
      </a>
    </div>
    <div
      className="copyright"
    >
      <p>
        Â© 2019 What to watch Ltd.
      </p>
    </div>
  </footer>
</div>
`;
