// Jest Snapshot v1, https://goo.gl/fbAQLP

exports[`withActiveTab renders correctly 1`] = `<div />`;
