// Jest Snapshot v1, https://goo.gl/fbAQLP

exports[`withFormValidation renders correctly 1`] = `<div />`;
