// Jest Snapshot v1, https://goo.gl/fbAQLP

exports[`PlayButton renders correctly 1`] = `
<button
  className="player__full-screen"
  onClick={[MockFunction]}
  type="button"
>
  <svg
    height={27}
    viewBox="0 0 27 27"
    width={27}
  >
    <use
      xlinkHref="#full-screen"
    />
  </svg>
  <span>
    Full screen
  </span>
</button>
`;
