// Jest Snapshot v1, https://goo.gl/fbAQLP

exports[`GenreList renders correctly 1`] = `
<ul
  className="catalog__genres-list"
>
  <li
    className="catalog__genres-item null"
  >
    <a
      className="catalog__genres-link"
      onClick={[Function]}
      style={
        Object {
          "cursor": "pointer",
        }
      }
    >
      All genres
    </a>
  </li>
  <li
    className="catalog__genres-item catalog__genres-item--active"
  >
    <a
      className="catalog__genres-link"
      onClick={[Function]}
      style={
        Object {
          "cursor": "pointer",
        }
      }
    >
      Action
    </a>
  </li>
  <li
    className="catalog__genres-item null"
  >
    <a
      className="catalog__genres-link"
      onClick={[Function]}
      style={
        Object {
          "cursor": "pointer",
        }
      }
    >
      Adventure
    </a>
  </li>
  <li
    className="catalog__genres-item null"
  >
    <a
      className="catalog__genres-link"
      onClick={[Function]}
      style={
        Object {
          "cursor": "pointer",
        }
      }
    >
      Comedy
    </a>
  </li>
  <li
    className="catalog__genres-item null"
  >
    <a
      className="catalog__genres-link"
      onClick={[Function]}
      style={
        Object {
          "cursor": "pointer",
        }
      }
    >
      Crime
    </a>
  </li>
  <li
    className="catalog__genres-item null"
  >
    <a
      className="catalog__genres-link"
      onClick={[Function]}
      style={
        Object {
          "cursor": "pointer",
        }
      }
    >
      Drama
    </a>
  </li>
  <li
    className="catalog__genres-item null"
  >
    <a
      className="catalog__genres-link"
      onClick={[Function]}
      style={
        Object {
          "cursor": "pointer",
        }
      }
    >
      Fantasy
    </a>
  </li>
  <li
    className="catalog__genres-item null"
  >
    <a
      className="catalog__genres-link"
      onClick={[Function]}
      style={
        Object {
          "cursor": "pointer",
        }
      }
    >
      Thriller
    </a>
  </li>
</ul>
`;
