// Jest Snapshot v1, https://goo.gl/fbAQLP

exports[`PlayerLinkButton renders correctly 1`] = `
<a
  className="btn btn--play movie-card__button"
  href="/player/1"
  onClick={[Function]}
>
  <svg
    height={19}
    viewBox="0 0 21 19"
    width={21}
  >
    <use
      xlinkHref="#play-s"
    />
  </svg>
  <span>
    Play
  </span>
</a>
`;
