// Jest Snapshot v1, https://goo.gl/fbAQLP

exports[`VideoPlayer renders correctly 1`] = `
<div
  className="player"
>
  <video
    className="player__video"
    onCanPlay={[MockFunction]}
    onTimeUpdate={[MockFunction]}
    poster="img/the-grand-budapest-hotel-bg.jpg"
    src="https://some-link"
  />
  <a
    href="/"
    onClick={[Function]}
  >
    <button
      className="player__exit"
      onClick={[MockFunction]}
      type="button"
    >
      Exit
    </button>
  </a>
  <div
    className="player__controls"
  >
    <div
      className="player__controls-row"
    >
      <div
        className="player__time"
      >
        <progress
          className="player__progress"
          max={100}
          value={30}
        />
        <div
          className="player__toggler"
          style={
            Object {
              "left": "30%",
            }
          }
        >
          Toggler
        </div>
      </div>
      <div
        className="player__time-value"
      >
        00:01:10
      </div>
    </div>
    <div
      className="player__controls-row"
    >
      <button
        className="player__play"
        onClick={[MockFunction]}
        type="button"
      >
        <svg
          height={19}
          viewBox="0 0 19 19"
          width={19}
        >
          <use
            xlinkHref="#pause"
          />
        </svg>
        <span>
          Play
        </span>
      </button>
      <div
        className="player__name"
      >
        The Grand Budapest Hotel
      </div>
      <button
        className="player__full-screen"
        onClick={[Function]}
        type="button"
      >
        <svg
          height={27}
          viewBox="0 0 27 27"
          width={27}
        >
          <use
            xlinkHref="#full-screen"
          />
        </svg>
        <span>
          Full screen
        </span>
      </button>
    </div>
  </div>
</div>
`;
