// Jest Snapshot v1, https://goo.gl/fbAQLP

exports[`MovieCard renders correctly 1`] = `
<article
  className="small-movie-card catalog__movies-card"
>
  <a
    href="/film/1"
    onClick={[Function]}
  >
    <div
      className="small-movie-card__image"
    >
      <img
        alt="The Grand Budapest Hotel"
        height={175}
        src="img/the-grand-budapest-hotel.jpg"
        width={280}
      />
    </div>
  </a>
  <h3
    className="small-movie-card__title"
  >
    <a
      className="small-movie-card__link"
      href="/film/1"
      onClick={[Function]}
      style={
        Object {
          "color": "#c9b37e",
        }
      }
    >
      The Grand Budapest Hotel
    </a>
  </h3>
</article>
`;
