// Jest Snapshot v1, https://goo.gl/fbAQLP

exports[`AddButton renders correctly 1`] = `
<a
  className="btn btn--list movie-card__button"
  href="/"
  onClick={[Function]}
>
  <svg
    height={20}
    viewBox="0 0 19 20"
    width={19}
  >
    <use
      xlinkHref="#add"
    />
  </svg>
  <span>
    My list
  </span>
</a>
`;
