// Jest Snapshot v1, https://goo.gl/fbAQLP

exports[`UserBlock renders correctly 1`] = `
<div
  className="user-block"
>
  <a
    className="user-block__avatar"
    href="/favorites"
    onClick={[Function]}
    style={
      Object {
        "textDecoration": "none",
      }
    }
  >
    <img
      src="https://htmlacademy-react-3.appspot.com/img/john_doe.jpg"
      style={
        Object {
          "borderRadius": "50%",
          "height": "63px",
          "width": "63px",
        }
      }
    />
  </a>
</div>
`;
